// Jest Snapshot v1, https://goo.gl/fbAQLP

exports[`renderDefaultComment(comment) 1`] = `
"##### \`SomeSpecialType\`

Integer finibus mi sed erat condimentum rhoncus id eu ligula. Mauris sed odio orci.

- \`prop1\` {string}
- \`prop2\` {boolean}"
`;

exports[`renderFunctionComment(comment) 1`] = `
"##### \`someFunction(param1, param2, param3, param4)\`

Lorem ipsum dolor sit amet, consectetur adipiscing elit

- \`param1\` {String}
- \`param2\` {SomeSpecialType}
- \`param3\` {Object}
  - \`key1\` {Number}
  - \`key2\` {String}
- \`param4\` {Object[]}
  - \`key1\` {Number}
  - \`key2\` {String}
- Returns: \`result\` {SomeType} Some result description"
`;
