// Jest Snapshot v1, https://goo.gl/fbAQLP

exports[`renderReadmeFromFs  1`] = `
"# readme

Cras pharetra massa ac est convallis, id placerat nulla auctor. Pellentesque fermentum, lectus ut porttitor egestas, ligula mi rhoncus est, sit amet aliquet purus dolor eget nisi. Nunc sodales lectus augue, id porta ligula euismod non. In volutpat pellentesque purus bibendum porttitor.

# API

- src/index.ts
  - [\`CustomType\`](#customtype)
  - [\`func1(strParam, numParam)\`](#func1strparam-numparam)
  - [\`func2(param1, param2)\`](#func2param1-param2)
- src/someMethod.ts
  - [\`someMethod(param)\`](#somemethodparam)


##### \`CustomType\`

Ut enim ad minim veniam, quis nostrud exercitation ullamco laboris
nisi ut aliquip ex ea commodo consequat.

- \`name\` {String}
- \`bool\` {Boolean}

##### \`func1(strParam, numParam)\`

Lorem ipsum dolor sit amet, consectetur adipiscing elit,
sed do eiusmod tempor incididunt ut labore et dolore magna aliqua.

Ut enim ad minim veniam, quis nostrud exercitation ullamco laboris
nisi ut aliquip ex ea commodo consequat. Duis aute irure dolor in
reprehenderit in voluptate velit esse cillum dolore eu fugiat nulla
pariatur.

\`\`\`js
const result = func1('some string', 10)
// false
\`\`\`

Excepteur sint occaecat cupidatat non proident, sunt in culpa qui officia deserunt mollit anim id est laborum.

- \`strParam\` {string}
- \`numParam\` {number}
- Returns: \`result\` {boolean} Nam libero tempore, cum soluta nobis est
                          eligendi optio.

##### \`func2(param1, param2)\`

Aliquam at metus molestie, luctus arcu id, ornare ligula.
View \`func1\`

- \`param1\` {Object}
  - \`opt1\` {[CustomType](#customtype)}
  - \`opt2\` {string}
- \`param2\` {[CustomType](#customtype)}
- Returns: \`result\` {[CustomType](#customtype) | null} 

##### \`someMethod(param)\`

- \`param\` {number}
- Returns: \`result\` {number} Lorem ipsum dolor sit amet, consectetur adipiscing
"
`;

exports[`renderReadmeFromFs  2`] = `
"- #3     | Some issue (src/index.ts)
- -      | Something to be done (src/someMethod.ts)
- #45:OK | Something to be done that already has an issue number (src/someMethod.ts)
"
`;
